php : PHP Warning:  Constant PT_CUSTOMER already defined in 
C:\Users\prote\FA\includes\types.inc on line 102
At line:1 char:1
+ php vendor/bin/phpunit > test_output.txt 2>&1; Get-Content test_outpu ...
+ ~~~~~~~~~~~~~~~~~~~~~~~~~~~~~~~~~~~~~~~~~~~~~
    + CategoryInfo          : NotSpecified: (PHP Warning:  C...inc on line 102: 
   String) [], RemoteException
    + FullyQualifiedErrorId : NativeCommandError
 
PHP Warning:  Constant PT_SUPPLIER already defined in 
C:\Users\prote\FA\includes\types.inc on line 103

Warning: Constant PT_CUSTOMER already defined in C:\Users\prote\FA\includes\types.inc on line 102

Warning: Constant PT_SUPPLIER already defined in C:\Users\prote\FA\includes\types.inc on line 103
PHPUnit 9.6.29 by Sebastian Bergmann and contributors.

Runtime:       PHP 8.4.14
Configuration: C:\Users\prote\FA\phpunit.xml

EEEEEEE...................................................E
